[learn-duck.firebaseapp.com/class/Steal-A-Brainrot.html]
[pagead2.googlesyndication.com/pagead/js/f7281.txt]
[backblue.gif]
[fade.gif]
[index.html]
[learn-duck.firebaseapp.com/assets/index-BM5tYqfg.js]
[learn-duck.firebaseapp.com/class/Steal-A-Brainrot.html]
[learn-duck.firebaseapp.com/assets/index-Bsl-WkV3.css]
[learn-duck.firebaseapp.com/assets/flags-DOLqOU7Y.png]
[learn-duck.firebaseapp.com/assets/icons-CHzK1VD9.eot]
[learn-duck.firebaseapp.com/assets/icons-CHzK1VD9d41d.eot]
[learn-duck.firebaseapp.com/assets/icons-Du6TOHnR.woff2]
[learn-duck.firebaseapp.com/assets/icons-BOCtAERH.woff]
[learn-duck.firebaseapp.com/assets/icons-D29ZQHHw.ttf]
[learn-duck.firebaseapp.com/assets/icons-RwhydX30.svg]
[learn-duck.firebaseapp.com/assets/outline-icons-LX8adJ4n.eot]
[learn-duck.firebaseapp.com/assets/outline-icons-LX8adJ4nd41d.eot]
[learn-duck.firebaseapp.com/assets/outline-icons-DInHoiqI.woff2]
[learn-duck.firebaseapp.com/assets/outline-icons-aQ88nltS.woff]
[learn-duck.firebaseapp.com/assets/outline-icons-DD8jm0uy.ttf]
[learn-duck.firebaseapp.com/assets/outline-icons-BfdLr8tr.svg]
[learn-duck.firebaseapp.com/assets/brand-icons-sqJ2Pg7a.eot]
[learn-duck.firebaseapp.com/assets/brand-icons-sqJ2Pg7ad41d.eot]
[learn-duck.firebaseapp.com/assets/brand-icons-XL9sxUpA.woff2]
[learn-duck.firebaseapp.com/assets/brand-icons-F3SPCeH1.woff]
[learn-duck.firebaseapp.com/assets/brand-icons-ubhWoxly.ttf]
[learn-duck.firebaseapp.com/assets/index-Bsl-WkV3.css]
[learn-duck.firebaseapp.com/assets/icons-RwhydX30.svg]
[learn-duck.firebaseapp.com/assets/outline-icons-BfdLr8tr.svg]
[learn-duck.firebaseapp.com/assets/brand-icons-Cu_C0hZ4.svg]
[learn-duck.firebaseapp.com/assets/brand-icons-Cu_C0hZ4.svg]
